structure Gtk  = struct 
			open Dynlib
			type cptr = GObject.cptr
			val repr = GObject.repr
			val symb = GtkBasis.symb
			structure TextIter :>
			  sig
			    type t = GObject.cptr
			    type base
			  end = struct
			    open Dynlib
			    type cptr = GObject.cptr
			    val repr = GObject.repr
			    val symb = GtkBasis.symb
			    type t = GObject.cptr
			    type base = unit
			end
end


/* *** Gtk *** */


/* *** TextIter *** */
#define GtkTextIter_val(x) (((void*) Field(x, 1)))

#define GtkTextIter_val_nocast(x) (Field(x, 1))

static void ml_finalize_GtkTextIter(value val) {
    gtk_text_iter_free(GtkTextIter_val(val));
}

value Val_GtkTextIter(void* obj) {
    value res;
    res = alloc_final(2, ml_finalize_GtkTextIter, 0, 1);
    GtkTextIter_val_nocast(res) = (value) gtk_text_iter_copy(obj);
    return res;
}

