structure Gtk  = struct 
			open Dynlib
			type cptr = GObject.cptr
			val repr = GObject.repr
			val symb = GtkBasis.symb
end


/* *** Gtk *** */
