structure Gtk  = struct 
			type cptr = GObject.cptr
end


/* *** Gtk *** */
